The target system is: Windows -  - x86
The host system is: Darwin - 25.1.0 - arm64
Compiling the CXX compiler identification source file "CMakeCXXCompilerId.cpp" succeeded.
Compiler: /opt/homebrew/bin/i686-w64-mingw32-g++ 
Build flags: ;-static-libgcc;-static-libstdc++;-static-libgcc;-static-libstdc++
Id flags:  

The output was:
0


Compilation of the CXX compiler identification source "CMakeCXXCompilerId.cpp" produced "a.exe"

The CXX compiler identification is GNU, found in "/Users/craig/Code/@pointandorclick/ags-telemetry/plugin/build-win32/CMakeFiles/3.22.3/CompilerIdCXX/a.exe"

Detecting CXX compiler ABI info compiled with the following output:
Change Dir: /Users/craig/Code/@pointandorclick/ags-telemetry/plugin/build-win32/CMakeFiles/CMakeTmp

Run Build Command(s):/usr/bin/make -f Makefile cmTC_442c7/fast && /Applications/Xcode.app/Contents/Developer/usr/bin/make  -f CMakeFiles/cmTC_442c7.dir/build.make CMakeFiles/cmTC_442c7.dir/build
Building CXX object CMakeFiles/cmTC_442c7.dir/CMakeCXXCompilerABI.cpp.obj
/opt/homebrew/bin/i686-w64-mingw32-g++   -static-libgcc -static-libstdc++ -static-libgcc -static-libstdc++    -v -o CMakeFiles/cmTC_442c7.dir/CMakeCXXCompilerABI.cpp.obj -c /opt/homebrew/Cellar/cmake/3.22.3/share/cmake/Modules/CMakeCXXCompilerABI.cpp
Using built-in specs.
COLLECT_GCC=/opt/homebrew/bin/i686-w64-mingw32-g++
Target: i686-w64-mingw32
Configured with: ../configure --target=i686-w64-mingw32 --with-sysroot=/opt/homebrew/Cellar/mingw-w64/13.0.0_2/toolchain-i686 --prefix=/opt/homebrew/Cellar/mingw-w64/13.0.0_2/toolchain-i686 --with-bugurl=https://github.com/Homebrew/homebrew-core/issues --enable-languages=c,c++,objc,obj-c++,fortran --with-ld=/opt/homebrew/Cellar/mingw-w64/13.0.0_2/toolchain-i686/bin/i686-w64-mingw32-ld --with-as=/opt/homebrew/Cellar/mingw-w64/13.0.0_2/toolchain-i686/bin/i686-w64-mingw32-as --with-gmp=/opt/homebrew/opt/gmp --with-mpfr=/opt/homebrew/opt/mpfr --with-mpc=/opt/homebrew/opt/libmpc --with-isl=/opt/homebrew/opt/isl --with-system-zlib --with-zstd --disable-multilib --disable-nls --enable-threads=posix
Thread model: posix
Supported LTO compression algorithms: zlib zstd
gcc version 15.2.0 (GCC) 
COLLECT_GCC_OPTIONS='-static-libgcc' '-static-libgcc' '-v' '-o' 'CMakeFiles/cmTC_442c7.dir/CMakeCXXCompilerABI.cpp.obj' '-c' '-mtune=generic' '-march=pentiumpro' '-dumpdir' 'CMakeFiles/cmTC_442c7.dir/'
 /opt/homebrew/Cellar/mingw-w64/13.0.0_2/toolchain-i686/libexec/gcc/i686-w64-mingw32/15.2.0/cc1plus -quiet -v -D_REENTRANT /opt/homebrew/Cellar/cmake/3.22.3/share/cmake/Modules/CMakeCXXCompilerABI.cpp -quiet -dumpdir CMakeFiles/cmTC_442c7.dir/ -dumpbase CMakeCXXCompilerABI.cpp.cpp -dumpbase-ext .cpp -mtune=generic -march=pentiumpro -version -o /var/folders/pg/ttrrntb937lf5z2p9qjpybmw0000gn/T//ccLUOgGF.s
GNU C++17 (GCC) version 15.2.0 (i686-w64-mingw32)
	compiled by GNU C version Apple LLVM 17.0.0 (clang-1700.6.3.2), GMP version 6.3.0, MPFR version 4.2.2, MPC version 1.3.1, isl version isl-0.27-GMP

GGC heuristics: --param ggc-min-expand=100 --param ggc-min-heapsize=131072
ignoring nonexistent directory "/opt/homebrew/Cellar/mingw-w64/13.0.0_2/toolchain-i686/usr/local/include"
ignoring duplicate directory "/opt/homebrew/Cellar/mingw-w64/13.0.0_2/toolchain-i686/mingw/include"
#include "..." search starts here:
#include <...> search starts here:
 /opt/homebrew/Cellar/mingw-w64/13.0.0_2/toolchain-i686/lib/gcc/i686-w64-mingw32/15.2.0/../../../../i686-w64-mingw32/include/c++/15.2.0
 /opt/homebrew/Cellar/mingw-w64/13.0.0_2/toolchain-i686/lib/gcc/i686-w64-mingw32/15.2.0/../../../../i686-w64-mingw32/include/c++/15.2.0/i686-w64-mingw32
 /opt/homebrew/Cellar/mingw-w64/13.0.0_2/toolchain-i686/lib/gcc/i686-w64-mingw32/15.2.0/../../../../i686-w64-mingw32/include/c++/15.2.0/backward
 /opt/homebrew/Cellar/mingw-w64/13.0.0_2/toolchain-i686/lib/gcc/i686-w64-mingw32/15.2.0/include
 /opt/homebrew/Cellar/mingw-w64/13.0.0_2/toolchain-i686/lib/gcc/i686-w64-mingw32/15.2.0/include-fixed
 /opt/homebrew/Cellar/mingw-w64/13.0.0_2/toolchain-i686/lib/gcc/i686-w64-mingw32/15.2.0/../../../../i686-w64-mingw32/include
End of search list.
Compiler executable checksum: 02d1aa18a49c6d57d38592ab264c1e5e
COLLECT_GCC_OPTIONS='-static-libgcc' '-static-libgcc' '-v' '-o' 'CMakeFiles/cmTC_442c7.dir/CMakeCXXCompilerABI.cpp.obj' '-c' '-mtune=generic' '-march=pentiumpro' '-dumpdir' 'CMakeFiles/cmTC_442c7.dir/'
 /opt/homebrew/Cellar/mingw-w64/13.0.0_2/toolchain-i686/bin/i686-w64-mingw32-as -v -o CMakeFiles/cmTC_442c7.dir/CMakeCXXCompilerABI.cpp.obj /var/folders/pg/ttrrntb937lf5z2p9qjpybmw0000gn/T//ccLUOgGF.s
GNU assembler version 2.45 (i686-w64-mingw32) using BFD version (GNU Binutils) 2.45
COMPILER_PATH=/opt/homebrew/Cellar/mingw-w64/13.0.0_2/toolchain-i686/libexec/gcc/i686-w64-mingw32/15.2.0/:/opt/homebrew/Cellar/mingw-w64/13.0.0_2/toolchain-i686/libexec/gcc/i686-w64-mingw32/15.2.0/:/opt/homebrew/Cellar/mingw-w64/13.0.0_2/toolchain-i686/libexec/gcc/i686-w64-mingw32/:/opt/homebrew/Cellar/mingw-w64/13.0.0_2/toolchain-i686/lib/gcc/i686-w64-mingw32/15.2.0/:/opt/homebrew/Cellar/mingw-w64/13.0.0_2/toolchain-i686/lib/gcc/i686-w64-mingw32/:/opt/homebrew/Cellar/mingw-w64/13.0.0_2/toolchain-i686/lib/gcc/i686-w64-mingw32/15.2.0/../../../../i686-w64-mingw32/bin/
LIBRARY_PATH=/opt/homebrew/Cellar/mingw-w64/13.0.0_2/toolchain-i686/lib/gcc/i686-w64-mingw32/15.2.0/:/opt/homebrew/Cellar/mingw-w64/13.0.0_2/toolchain-i686/lib/gcc/i686-w64-mingw32/15.2.0/../../../../i686-w64-mingw32/lib/../lib/:/opt/homebrew/Cellar/mingw-w64/13.0.0_2/toolchain-i686/mingw/lib/../lib/:/opt/homebrew/Cellar/mingw-w64/13.0.0_2/toolchain-i686/lib/gcc/i686-w64-mingw32/15.2.0/../../../../i686-w64-mingw32/lib/:/opt/homebrew/Cellar/mingw-w64/13.0.0_2/toolchain-i686/mingw/lib/
COLLECT_GCC_OPTIONS='-static-libgcc' '-static-libgcc' '-v' '-o' 'CMakeFiles/cmTC_442c7.dir/CMakeCXXCompilerABI.cpp.obj' '-c' '-mtune=generic' '-march=pentiumpro' '-dumpdir' 'CMakeFiles/cmTC_442c7.dir/CMakeCXXCompilerABI.cpp.'
Linking CXX executable cmTC_442c7.exe
/opt/homebrew/Cellar/cmake/3.22.3/bin/cmake -E cmake_link_script CMakeFiles/cmTC_442c7.dir/link.txt --verbose=1
/opt/homebrew/Cellar/cmake/3.22.3/bin/cmake -E rm -f CMakeFiles/cmTC_442c7.dir/objects.a
/opt/homebrew/bin/i686-w64-mingw32-ar qc CMakeFiles/cmTC_442c7.dir/objects.a @CMakeFiles/cmTC_442c7.dir/objects1.rsp
/opt/homebrew/bin/i686-w64-mingw32-g++  -static-libgcc -static-libstdc++ -static-libgcc -static-libstdc++   -v -Wl,--whole-archive CMakeFiles/cmTC_442c7.dir/objects.a -Wl,--no-whole-archive -o cmTC_442c7.exe -Wl,--out-implib,libcmTC_442c7.dll.a -Wl,--major-image-version,0,--minor-image-version,0 
Using built-in specs.
COLLECT_GCC=/opt/homebrew/bin/i686-w64-mingw32-g++
COLLECT_LTO_WRAPPER=/opt/homebrew/Cellar/mingw-w64/13.0.0_2/toolchain-i686/libexec/gcc/i686-w64-mingw32/15.2.0/lto-wrapper
Target: i686-w64-mingw32
Configured with: ../configure --target=i686-w64-mingw32 --with-sysroot=/opt/homebrew/Cellar/mingw-w64/13.0.0_2/toolchain-i686 --prefix=/opt/homebrew/Cellar/mingw-w64/13.0.0_2/toolchain-i686 --with-bugurl=https://github.com/Homebrew/homebrew-core/issues --enable-languages=c,c++,objc,obj-c++,fortran --with-ld=/opt/homebrew/Cellar/mingw-w64/13.0.0_2/toolchain-i686/bin/i686-w64-mingw32-ld --with-as=/opt/homebrew/Cellar/mingw-w64/13.0.0_2/toolchain-i686/bin/i686-w64-mingw32-as --with-gmp=/opt/homebrew/opt/gmp --with-mpfr=/opt/homebrew/opt/mpfr --with-mpc=/opt/homebrew/opt/libmpc --with-isl=/opt/homebrew/opt/isl --with-system-zlib --with-zstd --disable-multilib --disable-nls --enable-threads=posix
Thread model: posix
Supported LTO compression algorithms: zlib zstd
gcc version 15.2.0 (GCC) 
COMPILER_PATH=/opt/homebrew/Cellar/mingw-w64/13.0.0_2/toolchain-i686/libexec/gcc/i686-w64-mingw32/15.2.0/:/opt/homebrew/Cellar/mingw-w64/13.0.0_2/toolchain-i686/libexec/gcc/i686-w64-mingw32/15.2.0/:/opt/homebrew/Cellar/mingw-w64/13.0.0_2/toolchain-i686/libexec/gcc/i686-w64-mingw32/:/opt/homebrew/Cellar/mingw-w64/13.0.0_2/toolchain-i686/lib/gcc/i686-w64-mingw32/15.2.0/:/opt/homebrew/Cellar/mingw-w64/13.0.0_2/toolchain-i686/lib/gcc/i686-w64-mingw32/:/opt/homebrew/Cellar/mingw-w64/13.0.0_2/toolchain-i686/lib/gcc/i686-w64-mingw32/15.2.0/../../../../i686-w64-mingw32/bin/
LIBRARY_PATH=/opt/homebrew/Cellar/mingw-w64/13.0.0_2/toolchain-i686/lib/gcc/i686-w64-mingw32/15.2.0/:/opt/homebrew/Cellar/mingw-w64/13.0.0_2/toolchain-i686/lib/gcc/i686-w64-mingw32/15.2.0/../../../../i686-w64-mingw32/lib/../lib/:/opt/homebrew/Cellar/mingw-w64/13.0.0_2/toolchain-i686/mingw/lib/../lib/:/opt/homebrew/Cellar/mingw-w64/13.0.0_2/toolchain-i686/lib/gcc/i686-w64-mingw32/15.2.0/../../../../i686-w64-mingw32/lib/:/opt/homebrew/Cellar/mingw-w64/13.0.0_2/toolchain-i686/mingw/lib/
COLLECT_GCC_OPTIONS='-static-libgcc' '-static-libgcc' '-v' '-o' 'cmTC_442c7.exe' '-mtune=generic' '-march=pentiumpro' '-dumpdir' 'cmTC_442c7.'
 /opt/homebrew/Cellar/mingw-w64/13.0.0_2/toolchain-i686/libexec/gcc/i686-w64-mingw32/15.2.0/collect2 -plugin /opt/homebrew/Cellar/mingw-w64/13.0.0_2/toolchain-i686/libexec/gcc/i686-w64-mingw32/15.2.0/liblto_plugin.so -plugin-opt=/opt/homebrew/Cellar/mingw-w64/13.0.0_2/toolchain-i686/libexec/gcc/i686-w64-mingw32/15.2.0/lto-wrapper -plugin-opt=-fresolution=/var/folders/pg/ttrrntb937lf5z2p9qjpybmw0000gn/T//ccpegjWY.res -plugin-opt=-pass-through=-lmingw32 -plugin-opt=-pass-through=-lgcc -plugin-opt=-pass-through=-lgcc_eh -plugin-opt=-pass-through=-lmingwex -plugin-opt=-pass-through=-lmsvcrt -plugin-opt=-pass-through=-lkernel32 -plugin-opt=-pass-through=-lpthread -plugin-opt=-pass-through=-ladvapi32 -plugin-opt=-pass-through=-lshell32 -plugin-opt=-pass-through=-luser32 -plugin-opt=-pass-through=-lkernel32 -plugin-opt=-pass-through=-lmingw32 -plugin-opt=-pass-through=-lgcc -plugin-opt=-pass-through=-lgcc_eh -plugin-opt=-pass-through=-lmingwex -plugin-opt=-pass-through=-lmsvcrt -plugin-opt=-pass-through=-lkernel32 --sysroot=/opt/homebrew/Cellar/mingw-w64/13.0.0_2/toolchain-i686 -m i386pe -Bdynamic -o cmTC_442c7.exe /opt/homebrew/Cellar/mingw-w64/13.0.0_2/toolchain-i686/lib/gcc/i686-w64-mingw32/15.2.0/../../../../i686-w64-mingw32/lib/../lib/crt2.o /opt/homebrew/Cellar/mingw-w64/13.0.0_2/toolchain-i686/lib/gcc/i686-w64-mingw32/15.2.0/crtbegin.o -L/opt/homebrew/Cellar/mingw-w64/13.0.0_2/toolchain-i686/lib/gcc/i686-w64-mingw32/15.2.0 -L/opt/homebrew/Cellar/mingw-w64/13.0.0_2/toolchain-i686/lib/gcc/i686-w64-mingw32/15.2.0/../../../../i686-w64-mingw32/lib/../lib -L/opt/homebrew/Cellar/mingw-w64/13.0.0_2/toolchain-i686/mingw/lib/../lib -L/opt/homebrew/Cellar/mingw-w64/13.0.0_2/toolchain-i686/lib/gcc/i686-w64-mingw32/15.2.0/../../../../i686-w64-mingw32/lib -L/opt/homebrew/Cellar/mingw-w64/13.0.0_2/toolchain-i686/mingw/lib --whole-archive CMakeFiles/cmTC_442c7.dir/objects.a --no-whole-archive --out-implib libcmTC_442c7.dll.a --major-image-version 0 --minor-image-version 0 -Bstatic -lstdc++ -Bdynamic -lmingw32 -lgcc -lgcc_eh -lmingwex -lmsvcrt -lkernel32 -lpthread -ladvapi32 -lshell32 -luser32 -lkernel32 -lmingw32 -lgcc -lgcc_eh -lmingwex -lmsvcrt -lkernel32 /opt/homebrew/Cellar/mingw-w64/13.0.0_2/toolchain-i686/lib/gcc/i686-w64-mingw32/15.2.0/crtend.o
COLLECT_GCC_OPTIONS='-static-libgcc' '-static-libgcc' '-v' '-o' 'cmTC_442c7.exe' '-mtune=generic' '-march=pentiumpro' '-dumpdir' 'cmTC_442c7.'



Parsed CXX implicit include dir info from above output: rv=done
  found start of include info
  found start of implicit include info
    add: [/opt/homebrew/Cellar/mingw-w64/13.0.0_2/toolchain-i686/lib/gcc/i686-w64-mingw32/15.2.0/../../../../i686-w64-mingw32/include/c++/15.2.0]
    add: [/opt/homebrew/Cellar/mingw-w64/13.0.0_2/toolchain-i686/lib/gcc/i686-w64-mingw32/15.2.0/../../../../i686-w64-mingw32/include/c++/15.2.0/i686-w64-mingw32]
    add: [/opt/homebrew/Cellar/mingw-w64/13.0.0_2/toolchain-i686/lib/gcc/i686-w64-mingw32/15.2.0/../../../../i686-w64-mingw32/include/c++/15.2.0/backward]
    add: [/opt/homebrew/Cellar/mingw-w64/13.0.0_2/toolchain-i686/lib/gcc/i686-w64-mingw32/15.2.0/include]
    add: [/opt/homebrew/Cellar/mingw-w64/13.0.0_2/toolchain-i686/lib/gcc/i686-w64-mingw32/15.2.0/include-fixed]
    add: [/opt/homebrew/Cellar/mingw-w64/13.0.0_2/toolchain-i686/lib/gcc/i686-w64-mingw32/15.2.0/../../../../i686-w64-mingw32/include]
  end of search list found
  collapse include dir [/opt/homebrew/Cellar/mingw-w64/13.0.0_2/toolchain-i686/lib/gcc/i686-w64-mingw32/15.2.0/../../../../i686-w64-mingw32/include/c++/15.2.0] ==> [/opt/homebrew/Cellar/mingw-w64/13.0.0_2/toolchain-i686/i686-w64-mingw32/include/c++/15.2.0]
  collapse include dir [/opt/homebrew/Cellar/mingw-w64/13.0.0_2/toolchain-i686/lib/gcc/i686-w64-mingw32/15.2.0/../../../../i686-w64-mingw32/include/c++/15.2.0/i686-w64-mingw32] ==> [/opt/homebrew/Cellar/mingw-w64/13.0.0_2/toolchain-i686/i686-w64-mingw32/include/c++/15.2.0/i686-w64-mingw32]
  collapse include dir [/opt/homebrew/Cellar/mingw-w64/13.0.0_2/toolchain-i686/lib/gcc/i686-w64-mingw32/15.2.0/../../../../i686-w64-mingw32/include/c++/15.2.0/backward] ==> [/opt/homebrew/Cellar/mingw-w64/13.0.0_2/toolchain-i686/i686-w64-mingw32/include/c++/15.2.0/backward]
  collapse include dir [/opt/homebrew/Cellar/mingw-w64/13.0.0_2/toolchain-i686/lib/gcc/i686-w64-mingw32/15.2.0/include] ==> [/opt/homebrew/Cellar/mingw-w64/13.0.0_2/toolchain-i686/lib/gcc/i686-w64-mingw32/15.2.0/include]
  collapse include dir [/opt/homebrew/Cellar/mingw-w64/13.0.0_2/toolchain-i686/lib/gcc/i686-w64-mingw32/15.2.0/include-fixed] ==> [/opt/homebrew/Cellar/mingw-w64/13.0.0_2/toolchain-i686/lib/gcc/i686-w64-mingw32/15.2.0/include-fixed]
  collapse include dir [/opt/homebrew/Cellar/mingw-w64/13.0.0_2/toolchain-i686/lib/gcc/i686-w64-mingw32/15.2.0/../../../../i686-w64-mingw32/include] ==> [/opt/homebrew/Cellar/mingw-w64/13.0.0_2/toolchain-i686/i686-w64-mingw32/include]
  implicit include dirs: [/opt/homebrew/Cellar/mingw-w64/13.0.0_2/toolchain-i686/i686-w64-mingw32/include/c++/15.2.0;/opt/homebrew/Cellar/mingw-w64/13.0.0_2/toolchain-i686/i686-w64-mingw32/include/c++/15.2.0/i686-w64-mingw32;/opt/homebrew/Cellar/mingw-w64/13.0.0_2/toolchain-i686/i686-w64-mingw32/include/c++/15.2.0/backward;/opt/homebrew/Cellar/mingw-w64/13.0.0_2/toolchain-i686/lib/gcc/i686-w64-mingw32/15.2.0/include;/opt/homebrew/Cellar/mingw-w64/13.0.0_2/toolchain-i686/lib/gcc/i686-w64-mingw32/15.2.0/include-fixed;/opt/homebrew/Cellar/mingw-w64/13.0.0_2/toolchain-i686/i686-w64-mingw32/include]


Parsed CXX implicit link information from above output:
  link line regex: [^( *|.*[/\])(i686-w64-mingw32-ld|CMAKE_LINK_STARTFILE-NOTFOUND|([^/\]+-)?ld|collect2)[^/\]*( |$)]
  ignore line: [Change Dir: /Users/craig/Code/@pointandorclick/ags-telemetry/plugin/build-win32/CMakeFiles/CMakeTmp]
  ignore line: []
  ignore line: [Run Build Command(s):/usr/bin/make -f Makefile cmTC_442c7/fast && /Applications/Xcode.app/Contents/Developer/usr/bin/make  -f CMakeFiles/cmTC_442c7.dir/build.make CMakeFiles/cmTC_442c7.dir/build]
  ignore line: [Building CXX object CMakeFiles/cmTC_442c7.dir/CMakeCXXCompilerABI.cpp.obj]
  ignore line: [/opt/homebrew/bin/i686-w64-mingw32-g++   -static-libgcc -static-libstdc++ -static-libgcc -static-libstdc++    -v -o CMakeFiles/cmTC_442c7.dir/CMakeCXXCompilerABI.cpp.obj -c /opt/homebrew/Cellar/cmake/3.22.3/share/cmake/Modules/CMakeCXXCompilerABI.cpp]
  ignore line: [Using built-in specs.]
  ignore line: [COLLECT_GCC=/opt/homebrew/bin/i686-w64-mingw32-g++]
  ignore line: [Target: i686-w64-mingw32]
  ignore line: [Configured with: ../configure --target=i686-w64-mingw32 --with-sysroot=/opt/homebrew/Cellar/mingw-w64/13.0.0_2/toolchain-i686 --prefix=/opt/homebrew/Cellar/mingw-w64/13.0.0_2/toolchain-i686 --with-bugurl=https://github.com/Homebrew/homebrew-core/issues --enable-languages=c,c++,objc,obj-c++,fortran --with-ld=/opt/homebrew/Cellar/mingw-w64/13.0.0_2/toolchain-i686/bin/i686-w64-mingw32-ld --with-as=/opt/homebrew/Cellar/mingw-w64/13.0.0_2/toolchain-i686/bin/i686-w64-mingw32-as --with-gmp=/opt/homebrew/opt/gmp --with-mpfr=/opt/homebrew/opt/mpfr --with-mpc=/opt/homebrew/opt/libmpc --with-isl=/opt/homebrew/opt/isl --with-system-zlib --with-zstd --disable-multilib --disable-nls --enable-threads=posix]
  ignore line: [Thread model: posix]
  ignore line: [Supported LTO compression algorithms: zlib zstd]
  ignore line: [gcc version 15.2.0 (GCC) ]
  ignore line: [COLLECT_GCC_OPTIONS='-static-libgcc' '-static-libgcc' '-v' '-o' 'CMakeFiles/cmTC_442c7.dir/CMakeCXXCompilerABI.cpp.obj' '-c' '-mtune=generic' '-march=pentiumpro' '-dumpdir' 'CMakeFiles/cmTC_442c7.dir/']
  ignore line: [ /opt/homebrew/Cellar/mingw-w64/13.0.0_2/toolchain-i686/libexec/gcc/i686-w64-mingw32/15.2.0/cc1plus -quiet -v -D_REENTRANT /opt/homebrew/Cellar/cmake/3.22.3/share/cmake/Modules/CMakeCXXCompilerABI.cpp -quiet -dumpdir CMakeFiles/cmTC_442c7.dir/ -dumpbase CMakeCXXCompilerABI.cpp.cpp -dumpbase-ext .cpp -mtune=generic -march=pentiumpro -version -o /var/folders/pg/ttrrntb937lf5z2p9qjpybmw0000gn/T//ccLUOgGF.s]
  ignore line: [GNU C++17 (GCC) version 15.2.0 (i686-w64-mingw32)]
  ignore line: [	compiled by GNU C version Apple LLVM 17.0.0 (clang-1700.6.3.2)  GMP version 6.3.0  MPFR version 4.2.2  MPC version 1.3.1  isl version isl-0.27-GMP]
  ignore line: []
  ignore line: [GGC heuristics: --param ggc-min-expand=100 --param ggc-min-heapsize=131072]
  ignore line: [ignoring nonexistent directory "/opt/homebrew/Cellar/mingw-w64/13.0.0_2/toolchain-i686/usr/local/include"]
  ignore line: [ignoring duplicate directory "/opt/homebrew/Cellar/mingw-w64/13.0.0_2/toolchain-i686/mingw/include"]
  ignore line: [#include "..." search starts here:]
  ignore line: [#include <...> search starts here:]
  ignore line: [ /opt/homebrew/Cellar/mingw-w64/13.0.0_2/toolchain-i686/lib/gcc/i686-w64-mingw32/15.2.0/../../../../i686-w64-mingw32/include/c++/15.2.0]
  ignore line: [ /opt/homebrew/Cellar/mingw-w64/13.0.0_2/toolchain-i686/lib/gcc/i686-w64-mingw32/15.2.0/../../../../i686-w64-mingw32/include/c++/15.2.0/i686-w64-mingw32]
  ignore line: [ /opt/homebrew/Cellar/mingw-w64/13.0.0_2/toolchain-i686/lib/gcc/i686-w64-mingw32/15.2.0/../../../../i686-w64-mingw32/include/c++/15.2.0/backward]
  ignore line: [ /opt/homebrew/Cellar/mingw-w64/13.0.0_2/toolchain-i686/lib/gcc/i686-w64-mingw32/15.2.0/include]
  ignore line: [ /opt/homebrew/Cellar/mingw-w64/13.0.0_2/toolchain-i686/lib/gcc/i686-w64-mingw32/15.2.0/include-fixed]
  ignore line: [ /opt/homebrew/Cellar/mingw-w64/13.0.0_2/toolchain-i686/lib/gcc/i686-w64-mingw32/15.2.0/../../../../i686-w64-mingw32/include]
  ignore line: [End of search list.]
  ignore line: [Compiler executable checksum: 02d1aa18a49c6d57d38592ab264c1e5e]
  ignore line: [COLLECT_GCC_OPTIONS='-static-libgcc' '-static-libgcc' '-v' '-o' 'CMakeFiles/cmTC_442c7.dir/CMakeCXXCompilerABI.cpp.obj' '-c' '-mtune=generic' '-march=pentiumpro' '-dumpdir' 'CMakeFiles/cmTC_442c7.dir/']
  ignore line: [ /opt/homebrew/Cellar/mingw-w64/13.0.0_2/toolchain-i686/bin/i686-w64-mingw32-as -v -o CMakeFiles/cmTC_442c7.dir/CMakeCXXCompilerABI.cpp.obj /var/folders/pg/ttrrntb937lf5z2p9qjpybmw0000gn/T//ccLUOgGF.s]
  ignore line: [GNU assembler version 2.45 (i686-w64-mingw32) using BFD version (GNU Binutils) 2.45]
  ignore line: [COMPILER_PATH=/opt/homebrew/Cellar/mingw-w64/13.0.0_2/toolchain-i686/libexec/gcc/i686-w64-mingw32/15.2.0/:/opt/homebrew/Cellar/mingw-w64/13.0.0_2/toolchain-i686/libexec/gcc/i686-w64-mingw32/15.2.0/:/opt/homebrew/Cellar/mingw-w64/13.0.0_2/toolchain-i686/libexec/gcc/i686-w64-mingw32/:/opt/homebrew/Cellar/mingw-w64/13.0.0_2/toolchain-i686/lib/gcc/i686-w64-mingw32/15.2.0/:/opt/homebrew/Cellar/mingw-w64/13.0.0_2/toolchain-i686/lib/gcc/i686-w64-mingw32/:/opt/homebrew/Cellar/mingw-w64/13.0.0_2/toolchain-i686/lib/gcc/i686-w64-mingw32/15.2.0/../../../../i686-w64-mingw32/bin/]
  ignore line: [LIBRARY_PATH=/opt/homebrew/Cellar/mingw-w64/13.0.0_2/toolchain-i686/lib/gcc/i686-w64-mingw32/15.2.0/:/opt/homebrew/Cellar/mingw-w64/13.0.0_2/toolchain-i686/lib/gcc/i686-w64-mingw32/15.2.0/../../../../i686-w64-mingw32/lib/../lib/:/opt/homebrew/Cellar/mingw-w64/13.0.0_2/toolchain-i686/mingw/lib/../lib/:/opt/homebrew/Cellar/mingw-w64/13.0.0_2/toolchain-i686/lib/gcc/i686-w64-mingw32/15.2.0/../../../../i686-w64-mingw32/lib/:/opt/homebrew/Cellar/mingw-w64/13.0.0_2/toolchain-i686/mingw/lib/]
  ignore line: [COLLECT_GCC_OPTIONS='-static-libgcc' '-static-libgcc' '-v' '-o' 'CMakeFiles/cmTC_442c7.dir/CMakeCXXCompilerABI.cpp.obj' '-c' '-mtune=generic' '-march=pentiumpro' '-dumpdir' 'CMakeFiles/cmTC_442c7.dir/CMakeCXXCompilerABI.cpp.']
  ignore line: [Linking CXX executable cmTC_442c7.exe]
  ignore line: [/opt/homebrew/Cellar/cmake/3.22.3/bin/cmake -E cmake_link_script CMakeFiles/cmTC_442c7.dir/link.txt --verbose=1]
  ignore line: [/opt/homebrew/Cellar/cmake/3.22.3/bin/cmake -E rm -f CMakeFiles/cmTC_442c7.dir/objects.a]
  ignore line: [/opt/homebrew/bin/i686-w64-mingw32-ar qc CMakeFiles/cmTC_442c7.dir/objects.a @CMakeFiles/cmTC_442c7.dir/objects1.rsp]
  ignore line: [/opt/homebrew/bin/i686-w64-mingw32-g++  -static-libgcc -static-libstdc++ -static-libgcc -static-libstdc++   -v -Wl --whole-archive CMakeFiles/cmTC_442c7.dir/objects.a -Wl --no-whole-archive -o cmTC_442c7.exe -Wl --out-implib libcmTC_442c7.dll.a -Wl --major-image-version 0 --minor-image-version 0 ]
  ignore line: [Using built-in specs.]
  ignore line: [COLLECT_GCC=/opt/homebrew/bin/i686-w64-mingw32-g++]
  ignore line: [COLLECT_LTO_WRAPPER=/opt/homebrew/Cellar/mingw-w64/13.0.0_2/toolchain-i686/libexec/gcc/i686-w64-mingw32/15.2.0/lto-wrapper]
  ignore line: [Target: i686-w64-mingw32]
  ignore line: [Configured with: ../configure --target=i686-w64-mingw32 --with-sysroot=/opt/homebrew/Cellar/mingw-w64/13.0.0_2/toolchain-i686 --prefix=/opt/homebrew/Cellar/mingw-w64/13.0.0_2/toolchain-i686 --with-bugurl=https://github.com/Homebrew/homebrew-core/issues --enable-languages=c,c++,objc,obj-c++,fortran --with-ld=/opt/homebrew/Cellar/mingw-w64/13.0.0_2/toolchain-i686/bin/i686-w64-mingw32-ld --with-as=/opt/homebrew/Cellar/mingw-w64/13.0.0_2/toolchain-i686/bin/i686-w64-mingw32-as --with-gmp=/opt/homebrew/opt/gmp --with-mpfr=/opt/homebrew/opt/mpfr --with-mpc=/opt/homebrew/opt/libmpc --with-isl=/opt/homebrew/opt/isl --with-system-zlib --with-zstd --disable-multilib --disable-nls --enable-threads=posix]
  ignore line: [Thread model: posix]
  ignore line: [Supported LTO compression algorithms: zlib zstd]
  ignore line: [gcc version 15.2.0 (GCC) ]
  ignore line: [COMPILER_PATH=/opt/homebrew/Cellar/mingw-w64/13.0.0_2/toolchain-i686/libexec/gcc/i686-w64-mingw32/15.2.0/:/opt/homebrew/Cellar/mingw-w64/13.0.0_2/toolchain-i686/libexec/gcc/i686-w64-mingw32/15.2.0/:/opt/homebrew/Cellar/mingw-w64/13.0.0_2/toolchain-i686/libexec/gcc/i686-w64-mingw32/:/opt/homebrew/Cellar/mingw-w64/13.0.0_2/toolchain-i686/lib/gcc/i686-w64-mingw32/15.2.0/:/opt/homebrew/Cellar/mingw-w64/13.0.0_2/toolchain-i686/lib/gcc/i686-w64-mingw32/:/opt/homebrew/Cellar/mingw-w64/13.0.0_2/toolchain-i686/lib/gcc/i686-w64-mingw32/15.2.0/../../../../i686-w64-mingw32/bin/]
  ignore line: [LIBRARY_PATH=/opt/homebrew/Cellar/mingw-w64/13.0.0_2/toolchain-i686/lib/gcc/i686-w64-mingw32/15.2.0/:/opt/homebrew/Cellar/mingw-w64/13.0.0_2/toolchain-i686/lib/gcc/i686-w64-mingw32/15.2.0/../../../../i686-w64-mingw32/lib/../lib/:/opt/homebrew/Cellar/mingw-w64/13.0.0_2/toolchain-i686/mingw/lib/../lib/:/opt/homebrew/Cellar/mingw-w64/13.0.0_2/toolchain-i686/lib/gcc/i686-w64-mingw32/15.2.0/../../../../i686-w64-mingw32/lib/:/opt/homebrew/Cellar/mingw-w64/13.0.0_2/toolchain-i686/mingw/lib/]
  ignore line: [COLLECT_GCC_OPTIONS='-static-libgcc' '-static-libgcc' '-v' '-o' 'cmTC_442c7.exe' '-mtune=generic' '-march=pentiumpro' '-dumpdir' 'cmTC_442c7.']
  link line: [ /opt/homebrew/Cellar/mingw-w64/13.0.0_2/toolchain-i686/libexec/gcc/i686-w64-mingw32/15.2.0/collect2 -plugin /opt/homebrew/Cellar/mingw-w64/13.0.0_2/toolchain-i686/libexec/gcc/i686-w64-mingw32/15.2.0/liblto_plugin.so -plugin-opt=/opt/homebrew/Cellar/mingw-w64/13.0.0_2/toolchain-i686/libexec/gcc/i686-w64-mingw32/15.2.0/lto-wrapper -plugin-opt=-fresolution=/var/folders/pg/ttrrntb937lf5z2p9qjpybmw0000gn/T//ccpegjWY.res -plugin-opt=-pass-through=-lmingw32 -plugin-opt=-pass-through=-lgcc -plugin-opt=-pass-through=-lgcc_eh -plugin-opt=-pass-through=-lmingwex -plugin-opt=-pass-through=-lmsvcrt -plugin-opt=-pass-through=-lkernel32 -plugin-opt=-pass-through=-lpthread -plugin-opt=-pass-through=-ladvapi32 -plugin-opt=-pass-through=-lshell32 -plugin-opt=-pass-through=-luser32 -plugin-opt=-pass-through=-lkernel32 -plugin-opt=-pass-through=-lmingw32 -plugin-opt=-pass-through=-lgcc -plugin-opt=-pass-through=-lgcc_eh -plugin-opt=-pass-through=-lmingwex -plugin-opt=-pass-through=-lmsvcrt -plugin-opt=-pass-through=-lkernel32 --sysroot=/opt/homebrew/Cellar/mingw-w64/13.0.0_2/toolchain-i686 -m i386pe -Bdynamic -o cmTC_442c7.exe /opt/homebrew/Cellar/mingw-w64/13.0.0_2/toolchain-i686/lib/gcc/i686-w64-mingw32/15.2.0/../../../../i686-w64-mingw32/lib/../lib/crt2.o /opt/homebrew/Cellar/mingw-w64/13.0.0_2/toolchain-i686/lib/gcc/i686-w64-mingw32/15.2.0/crtbegin.o -L/opt/homebrew/Cellar/mingw-w64/13.0.0_2/toolchain-i686/lib/gcc/i686-w64-mingw32/15.2.0 -L/opt/homebrew/Cellar/mingw-w64/13.0.0_2/toolchain-i686/lib/gcc/i686-w64-mingw32/15.2.0/../../../../i686-w64-mingw32/lib/../lib -L/opt/homebrew/Cellar/mingw-w64/13.0.0_2/toolchain-i686/mingw/lib/../lib -L/opt/homebrew/Cellar/mingw-w64/13.0.0_2/toolchain-i686/lib/gcc/i686-w64-mingw32/15.2.0/../../../../i686-w64-mingw32/lib -L/opt/homebrew/Cellar/mingw-w64/13.0.0_2/toolchain-i686/mingw/lib --whole-archive CMakeFiles/cmTC_442c7.dir/objects.a --no-whole-archive --out-implib libcmTC_442c7.dll.a --major-image-version 0 --minor-image-version 0 -Bstatic -lstdc++ -Bdynamic -lmingw32 -lgcc -lgcc_eh -lmingwex -lmsvcrt -lkernel32 -lpthread -ladvapi32 -lshell32 -luser32 -lkernel32 -lmingw32 -lgcc -lgcc_eh -lmingwex -lmsvcrt -lkernel32 /opt/homebrew/Cellar/mingw-w64/13.0.0_2/toolchain-i686/lib/gcc/i686-w64-mingw32/15.2.0/crtend.o]
    arg [/opt/homebrew/Cellar/mingw-w64/13.0.0_2/toolchain-i686/libexec/gcc/i686-w64-mingw32/15.2.0/collect2] ==> ignore
    arg [-plugin] ==> ignore
    arg [/opt/homebrew/Cellar/mingw-w64/13.0.0_2/toolchain-i686/libexec/gcc/i686-w64-mingw32/15.2.0/liblto_plugin.so] ==> ignore
    arg [-plugin-opt=/opt/homebrew/Cellar/mingw-w64/13.0.0_2/toolchain-i686/libexec/gcc/i686-w64-mingw32/15.2.0/lto-wrapper] ==> ignore
    arg [-plugin-opt=-fresolution=/var/folders/pg/ttrrntb937lf5z2p9qjpybmw0000gn/T//ccpegjWY.res] ==> ignore
    arg [-plugin-opt=-pass-through=-lmingw32] ==> ignore
    arg [-plugin-opt=-pass-through=-lgcc] ==> ignore
    arg [-plugin-opt=-pass-through=-lgcc_eh] ==> ignore
    arg [-plugin-opt=-pass-through=-lmingwex] ==> ignore
    arg [-plugin-opt=-pass-through=-lmsvcrt] ==> ignore
    arg [-plugin-opt=-pass-through=-lkernel32] ==> ignore
    arg [-plugin-opt=-pass-through=-lpthread] ==> ignore
    arg [-plugin-opt=-pass-through=-ladvapi32] ==> ignore
    arg [-plugin-opt=-pass-through=-lshell32] ==> ignore
    arg [-plugin-opt=-pass-through=-luser32] ==> ignore
    arg [-plugin-opt=-pass-through=-lkernel32] ==> ignore
    arg [-plugin-opt=-pass-through=-lmingw32] ==> ignore
    arg [-plugin-opt=-pass-through=-lgcc] ==> ignore
    arg [-plugin-opt=-pass-through=-lgcc_eh] ==> ignore
    arg [-plugin-opt=-pass-through=-lmingwex] ==> ignore
    arg [-plugin-opt=-pass-through=-lmsvcrt] ==> ignore
    arg [-plugin-opt=-pass-through=-lkernel32] ==> ignore
    arg [--sysroot=/opt/homebrew/Cellar/mingw-w64/13.0.0_2/toolchain-i686] ==> ignore
    arg [-m] ==> ignore
    arg [i386pe] ==> ignore
    arg [-Bdynamic] ==> search dynamic
    arg [-o] ==> ignore
    arg [cmTC_442c7.exe] ==> ignore
    arg [/opt/homebrew/Cellar/mingw-w64/13.0.0_2/toolchain-i686/lib/gcc/i686-w64-mingw32/15.2.0/../../../../i686-w64-mingw32/lib/../lib/crt2.o] ==> obj [/opt/homebrew/Cellar/mingw-w64/13.0.0_2/toolchain-i686/lib/gcc/i686-w64-mingw32/15.2.0/../../../../i686-w64-mingw32/lib/../lib/crt2.o]
    arg [/opt/homebrew/Cellar/mingw-w64/13.0.0_2/toolchain-i686/lib/gcc/i686-w64-mingw32/15.2.0/crtbegin.o] ==> obj [/opt/homebrew/Cellar/mingw-w64/13.0.0_2/toolchain-i686/lib/gcc/i686-w64-mingw32/15.2.0/crtbegin.o]
    arg [-L/opt/homebrew/Cellar/mingw-w64/13.0.0_2/toolchain-i686/lib/gcc/i686-w64-mingw32/15.2.0] ==> dir [/opt/homebrew/Cellar/mingw-w64/13.0.0_2/toolchain-i686/lib/gcc/i686-w64-mingw32/15.2.0]
    arg [-L/opt/homebrew/Cellar/mingw-w64/13.0.0_2/toolchain-i686/lib/gcc/i686-w64-mingw32/15.2.0/../../../../i686-w64-mingw32/lib/../lib] ==> dir [/opt/homebrew/Cellar/mingw-w64/13.0.0_2/toolchain-i686/lib/gcc/i686-w64-mingw32/15.2.0/../../../../i686-w64-mingw32/lib/../lib]
    arg [-L/opt/homebrew/Cellar/mingw-w64/13.0.0_2/toolchain-i686/mingw/lib/../lib] ==> dir [/opt/homebrew/Cellar/mingw-w64/13.0.0_2/toolchain-i686/mingw/lib/../lib]
    arg [-L/opt/homebrew/Cellar/mingw-w64/13.0.0_2/toolchain-i686/lib/gcc/i686-w64-mingw32/15.2.0/../../../../i686-w64-mingw32/lib] ==> dir [/opt/homebrew/Cellar/mingw-w64/13.0.0_2/toolchain-i686/lib/gcc/i686-w64-mingw32/15.2.0/../../../../i686-w64-mingw32/lib]
    arg [-L/opt/homebrew/Cellar/mingw-w64/13.0.0_2/toolchain-i686/mingw/lib] ==> dir [/opt/homebrew/Cellar/mingw-w64/13.0.0_2/toolchain-i686/mingw/lib]
    arg [--whole-archive] ==> ignore
    arg [CMakeFiles/cmTC_442c7.dir/objects.a] ==> ignore
    arg [--no-whole-archive] ==> ignore
    arg [--out-implib] ==> ignore
    arg [libcmTC_442c7.dll.a] ==> ignore
    arg [--major-image-version] ==> ignore
    arg [0] ==> ignore
    arg [--minor-image-version] ==> ignore
    arg [0] ==> ignore
    arg [-Bstatic] ==> search static
    arg [-lstdc++] ==> lib [SEARCH_STATIC:stdc++]
    arg [-Bdynamic] ==> search dynamic
    arg [-lmingw32] ==> lib [mingw32]
    arg [-lgcc] ==> lib [gcc]
    arg [-lgcc_eh] ==> lib [gcc_eh]
    arg [-lmingwex] ==> lib [mingwex]
    arg [-lmsvcrt] ==> lib [msvcrt]
    arg [-lkernel32] ==> lib [kernel32]
    arg [-lpthread] ==> lib [pthread]
    arg [-ladvapi32] ==> lib [advapi32]
    arg [-lshell32] ==> lib [shell32]
    arg [-luser32] ==> lib [user32]
    arg [-lkernel32] ==> lib [kernel32]
    arg [-lmingw32] ==> lib [mingw32]
    arg [-lgcc] ==> lib [gcc]
    arg [-lgcc_eh] ==> lib [gcc_eh]
    arg [-lmingwex] ==> lib [mingwex]
    arg [-lmsvcrt] ==> lib [msvcrt]
    arg [-lkernel32] ==> lib [kernel32]
    arg [/opt/homebrew/Cellar/mingw-w64/13.0.0_2/toolchain-i686/lib/gcc/i686-w64-mingw32/15.2.0/crtend.o] ==> obj [/opt/homebrew/Cellar/mingw-w64/13.0.0_2/toolchain-i686/lib/gcc/i686-w64-mingw32/15.2.0/crtend.o]
  search lib [SEARCH_STATIC:stdc++] ==> [stdc++]
  remove lib [gcc_eh]
  remove lib [msvcrt]
  remove lib [gcc_eh]
  remove lib [msvcrt]
  collapse obj [/opt/homebrew/Cellar/mingw-w64/13.0.0_2/toolchain-i686/lib/gcc/i686-w64-mingw32/15.2.0/../../../../i686-w64-mingw32/lib/../lib/crt2.o] ==> [/opt/homebrew/Cellar/mingw-w64/13.0.0_2/toolchain-i686/i686-w64-mingw32/lib/crt2.o]
  collapse library dir [/opt/homebrew/Cellar/mingw-w64/13.0.0_2/toolchain-i686/lib/gcc/i686-w64-mingw32/15.2.0] ==> [/opt/homebrew/Cellar/mingw-w64/13.0.0_2/toolchain-i686/lib/gcc/i686-w64-mingw32/15.2.0]
  collapse library dir [/opt/homebrew/Cellar/mingw-w64/13.0.0_2/toolchain-i686/lib/gcc/i686-w64-mingw32/15.2.0/../../../../i686-w64-mingw32/lib/../lib] ==> [/opt/homebrew/Cellar/mingw-w64/13.0.0_2/toolchain-i686/i686-w64-mingw32/lib]
  collapse library dir [/opt/homebrew/Cellar/mingw-w64/13.0.0_2/toolchain-i686/mingw/lib/../lib] ==> [/opt/homebrew/Cellar/mingw-w64/13.0.0_2/toolchain-i686/mingw/lib]
  collapse library dir [/opt/homebrew/Cellar/mingw-w64/13.0.0_2/toolchain-i686/lib/gcc/i686-w64-mingw32/15.2.0/../../../../i686-w64-mingw32/lib] ==> [/opt/homebrew/Cellar/mingw-w64/13.0.0_2/toolchain-i686/i686-w64-mingw32/lib]
  collapse library dir [/opt/homebrew/Cellar/mingw-w64/13.0.0_2/toolchain-i686/mingw/lib] ==> [/opt/homebrew/Cellar/mingw-w64/13.0.0_2/toolchain-i686/mingw/lib]
  implicit libs: [stdc++;mingw32;gcc;mingwex;kernel32;pthread;advapi32;shell32;user32;kernel32;mingw32;gcc;mingwex;kernel32]
  implicit objs: [/opt/homebrew/Cellar/mingw-w64/13.0.0_2/toolchain-i686/i686-w64-mingw32/lib/crt2.o;/opt/homebrew/Cellar/mingw-w64/13.0.0_2/toolchain-i686/lib/gcc/i686-w64-mingw32/15.2.0/crtbegin.o;/opt/homebrew/Cellar/mingw-w64/13.0.0_2/toolchain-i686/lib/gcc/i686-w64-mingw32/15.2.0/crtend.o]
  implicit dirs: [/opt/homebrew/Cellar/mingw-w64/13.0.0_2/toolchain-i686/lib/gcc/i686-w64-mingw32/15.2.0;/opt/homebrew/Cellar/mingw-w64/13.0.0_2/toolchain-i686/i686-w64-mingw32/lib;/opt/homebrew/Cellar/mingw-w64/13.0.0_2/toolchain-i686/mingw/lib]
  implicit fwks: []


Determining if the include file pthread.h exists passed with the following output:
Change Dir: /Users/craig/Code/@pointandorclick/ags-telemetry/plugin/build-win32/CMakeFiles/CMakeTmp

Run Build Command(s):/usr/bin/make -f Makefile cmTC_aeee0/fast && /Applications/Xcode.app/Contents/Developer/usr/bin/make  -f CMakeFiles/cmTC_aeee0.dir/build.make CMakeFiles/cmTC_aeee0.dir/build
Building CXX object CMakeFiles/cmTC_aeee0.dir/CheckIncludeFile.cxx.obj
/opt/homebrew/bin/i686-w64-mingw32-g++   -static-libgcc -static-libstdc++ -static-libgcc -static-libstdc++  -std=gnu++11 -o CMakeFiles/cmTC_aeee0.dir/CheckIncludeFile.cxx.obj -c /Users/craig/Code/@pointandorclick/ags-telemetry/plugin/build-win32/CMakeFiles/CMakeTmp/CheckIncludeFile.cxx
Linking CXX executable cmTC_aeee0.exe
/opt/homebrew/Cellar/cmake/3.22.3/bin/cmake -E cmake_link_script CMakeFiles/cmTC_aeee0.dir/link.txt --verbose=1
/opt/homebrew/Cellar/cmake/3.22.3/bin/cmake -E rm -f CMakeFiles/cmTC_aeee0.dir/objects.a
/opt/homebrew/bin/i686-w64-mingw32-ar qc CMakeFiles/cmTC_aeee0.dir/objects.a @CMakeFiles/cmTC_aeee0.dir/objects1.rsp
/opt/homebrew/bin/i686-w64-mingw32-g++  -static-libgcc -static-libstdc++ -static-libgcc -static-libstdc++  -Wl,--whole-archive CMakeFiles/cmTC_aeee0.dir/objects.a -Wl,--no-whole-archive -o cmTC_aeee0.exe -Wl,--out-implib,libcmTC_aeee0.dll.a -Wl,--major-image-version,0,--minor-image-version,0 @CMakeFiles/cmTC_aeee0.dir/linklibs.rsp



Performing C++ SOURCE FILE Test CMAKE_HAVE_LIBC_PTHREAD succeeded with the following output:
Change Dir: /Users/craig/Code/@pointandorclick/ags-telemetry/plugin/build-win32/CMakeFiles/CMakeTmp

Run Build Command(s):/usr/bin/make -f Makefile cmTC_1d2af/fast && /Applications/Xcode.app/Contents/Developer/usr/bin/make  -f CMakeFiles/cmTC_1d2af.dir/build.make CMakeFiles/cmTC_1d2af.dir/build
Building CXX object CMakeFiles/cmTC_1d2af.dir/src.cxx.obj
/opt/homebrew/bin/i686-w64-mingw32-g++ -DCMAKE_HAVE_LIBC_PTHREAD  -static-libgcc -static-libstdc++ -static-libgcc -static-libstdc++  -std=gnu++11 -o CMakeFiles/cmTC_1d2af.dir/src.cxx.obj -c /Users/craig/Code/@pointandorclick/ags-telemetry/plugin/build-win32/CMakeFiles/CMakeTmp/src.cxx
Linking CXX executable cmTC_1d2af.exe
/opt/homebrew/Cellar/cmake/3.22.3/bin/cmake -E cmake_link_script CMakeFiles/cmTC_1d2af.dir/link.txt --verbose=1
/opt/homebrew/Cellar/cmake/3.22.3/bin/cmake -E rm -f CMakeFiles/cmTC_1d2af.dir/objects.a
/opt/homebrew/bin/i686-w64-mingw32-ar qc CMakeFiles/cmTC_1d2af.dir/objects.a @CMakeFiles/cmTC_1d2af.dir/objects1.rsp
/opt/homebrew/bin/i686-w64-mingw32-g++  -static-libgcc -static-libstdc++ -static-libgcc -static-libstdc++  -Wl,--whole-archive CMakeFiles/cmTC_1d2af.dir/objects.a -Wl,--no-whole-archive -o cmTC_1d2af.exe -Wl,--out-implib,libcmTC_1d2af.dll.a -Wl,--major-image-version,0,--minor-image-version,0 @CMakeFiles/cmTC_1d2af.dir/linklibs.rsp


Source file was:
#include <pthread.h>

static void* test_func(void* data)
{
  return data;
}

int main(void)
{
  pthread_t thread;
  pthread_create(&thread, NULL, test_func, NULL);
  pthread_detach(thread);
  pthread_cancel(thread);
  pthread_join(thread, NULL);
  pthread_atfork(NULL, NULL, NULL);
  pthread_exit(NULL);

  return 0;
}

